
 Start  Stop   Length Name                   Class
 00000H 0034FH 00350H _TEXT16                CODE
 00350H 088B5H 08566H _TEXT                  CODE
 088B8H 088B8H 00000H _ETEXT                 CODE
 088C0H 08A0FH 00150H _DATA16                DATA
 08B00H 0D85FH 04D60H _DATA                  DATA
 0D860H 0D860H 00000H CONST                  CONST
 0D860H 0D860H 00000H _STATIC                STATIC
 0D860H 0D860H 00000H _BSS                   BSS
 0D860H 0D860H 00000H c_common               BSS
 0D860H 0D860H 00000H _EDATA                 ENDDATA
 0D860H 0D860H 00000H _TLS                   TLS

 Origin   Group
 08B0:0   DATA
 0000:0   GRP16

  Address         Publics by Name

 0000:88C0       adesGDT
 0000:88F0       adesGDTend
 08B0:0004       aoffIDTInit
 0000:06FA       Bounds
 0000:06EE       BreakPoint
 0000:88F6       bSwitches
 0000:0922       CheckShift
 0000:0720       CPFault
 0000:070C       DblFault
 0000:06B6       Debug
 0000:09F9       Debugger
 0000:88E0       desCode
 0000:88D8       desData
 0000:88C8       desFlat
 0000:88C0       desNull
 0000:88D0       desText
 0000:88E8       desTSS
 0000:06B0       DivError
 0000:88F0       dtrGDTTmp
 0000:0C09       EmulateInALDX
 0000:0B48       EmulateInALnn
 0000:0C34       EmulateInAXDX
 0000:0B79       EmulateInAXnn
 0000:0AA0       EmulateINT
 0000:0AD2       EmulateINT3
 0000:0C61       EmulateOutDXAL
 0000:0C89       EmulateOutDXAX
 0000:0BAC       EmulateOutnnAL
 0000:0BDA       EmulateOutnnAX
 0000:0030  Abs  GDT_SIZE
 0000:072A       GeneralFault
 0000:1621       GetVRAMAddress
 0000:074B       GPFault
 0000:0785       GPFaultReturn
 0000:0798       HWInterrupt
 0000:0100       Init16
 0000:0350       Init32
 0000:0233       InitContinue
 0000:0700       InvOpCode
 0000:07E1       IRQ2Interrupt
 0000:07E7       IRQ3Interrupt
 0000:07ED       IRQ4Interrupt
 0000:07F3       IRQ5Interrupt
 0000:07F9       IRQ6Interrupt
 0000:07FF       IRQ7Interrupt
 0000:0800       IRQ8Interrupt
 0000:0806       IRQ9Interrupt
 0000:080C       IRQAInterrupt
 0000:0812       IRQBInterrupt
 0000:0818       IRQCInterrupt
 0000:0821       IRQDInterrupt
 0000:082A       IRQEInterrupt
 0000:0833       IRQFInterrupt
 0000:086D       KBDInterrupt
 0000:053A       Main32
 0000:06BC       NMI
 0000:0706       NoCP
 0000:06F4       Overflow
 0000:071C       PageFault
 0000:156C       RestorePlaneMode
 0000:14D4       RestorePlanes
 08B0:075C       SavedIMRs
 0000:143C       SavePlanes
 0000:0714       SegFault
 0000:0020  Abs  SEL_CODE
 0000:0018  Abs  SEL_DATA
 0000:0008  Abs  SEL_FLAT
 0000:0010  Abs  SEL_TEXT
 0000:0028  Abs  SEL_TSS
 0000:13C3       SetPlaneMode
 0000:0AF1       SimulateINT
 0000:0718       StackFault
 0000:0834       TMRInterrupt
 0000:0710       TSSFault
 0000:0724       UnknownFault
 0000:0332       v86Init
 0000:0334       WaitKbdInput16
 0000:033D       WaitKbdOutput16
 08B0:2C78       _aaidGroup
 08B0:0114       _abKeyBuff
 08B0:0850       _abpdGlobal
 08B0:3278       _abTypeSize
 08B0:0220       _abXlatCtrl
 08B0:01A0       _abXlatNorm
 08B0:02A0       _abXlatShift
 08B0:4708       _achHist
 08B0:1424       _achScale
 0000:7B20       _addhistory
 08B0:4040       _aexop
 08B0:035C       _afnEmulate
 08B0:2078       _aid0F
 08B0:1478       _aidBase
 08B0:034A       _aintSimulate
 08B0:0A18       _aoffSel
 08B0:43C4       _apfnDOSDump
 08B0:43C0       _apszDOSDump
 08B0:3340       _apszIDTDesc
 08B0:0A08       _apszIDTOptions
 08B0:0EE0       _apszMnemonic
 08B0:09F0       _apszOptions
 08B0:1458       _apszRM
 08B0:12C8       _ardRegs
 08B0:4030       _avParse
 08B0:0810       _bDefColor
 08B0:0320       _bNestedEntries
 08B0:00D2       _cbBSSData
 08B0:084C       _cbpdGlobal
 08B0:00CE       _cbPhysData
 08B0:07FC       _colCursor
 08B0:0804       _colCursorMax
 0000:1670       _COMInit
 0000:16E0       _COMInput
 0000:16FF       _COMOutput
 08B0:0814       _COMPort
 08B0:0A10       _desV86
 0000:097F       _DisableKbd
 0000:09C3       _DisableMse
 0000:6D3C       _DOSDumpArena
 0000:6CC4       _DOSDumpCommand
 0000:095E       _DrainKbd
 0000:0990       _DrainMse
 08B0:00E0       _dtrGDT
 08B0:00D6       _dtrIDT
 0000:8076       _dwtosz
 0000:0000  Abs  _EDATA
 0000:0973       _EnableKbd
 0000:09A9       _EnableMse
 0000:0000  Abs  _end
 08B0:0110       _flKeyEvent
 08B0:019C       _flKeyShift
 08B0:082C       _flTrace
 0000:6CA9       _fnCompress
 0000:650C       _fnopAdd
 0000:6A6C       _fnopAnd
 0000:66DC       _fnopClose
 0000:6423       _fnopDeref
 0000:6648       _fnopDiv
 0000:698D       _fnopEq
 0000:691C       _fnopGE
 0000:68AB       _fnopGT
 0000:683A       _fnopLE
 0000:6BA7       _fnopLogAnd
 0000:64BC       _fnopLogNot
 0000:6C28       _fnopLogOr
 0000:67C9       _fnopLT
 0000:65DE       _fnopMul
 0000:69FD       _fnopNeq
 0000:646F       _fnopNot
 0000:66CA       _fnopOpen
 0000:6B3E       _fnopOr
 0000:66F3       _fnopShl
 0000:675E       _fnopShr
 0000:6575       _fnopSub
 0000:6AD5       _fnopXor
 0000:7BB2       _getcurrhistory
 0000:7C24       _getnexthistory
 0000:7C9A       _getprevhistory
 08B0:0828       _iDebugEntry
 08B0:4704       _iHistCurr
 08B0:4700       _iHistFree
 08B0:0824       _iIDTEntry
 0000:0D04       _InitMemMgr
 0000:0E50       _InitVideoMgr
 0000:0F2A       _InitVS
 08B0:0838       _iSizeLast
 0000:881A       _istrtoken
 08B0:0834       _lInsCount
 0000:0CB4       _Main
 0000:0E03       _MemAlloc
 0000:0E3D       _MemFree
 08B0:0830       _msDebugStart
 0000:875E       _mymemcmp
 0000:847F       _mystrcmpi
 0000:791F       _ngets
 0000:871C       _nmemcpy
 0000:8743       _nmemset
 0000:87C1       _nsanitize
 0000:865B       _nstrcat
 0000:8687       _nstrcatn
 0000:8591       _nstrcpy
 0000:85E4       _nstrcpyn
 0000:82E0       _nstrlen
 0000:831C       _nstrskip
 0000:83A6       _nstrskipbackto
 0000:8361       _nstrskipto
 0000:86B6       _nstrupr
 08B0:0840       _offCodeLast
 08B0:0848       _offDataLast
 0000:6158       _ParseAddr
 0000:5AB1       _ParseCommand
 0000:636B       _ParseEvalOps
 0000:5A74       _ParseInit
 0000:62B3       _ParsePop
 0000:627C       _ParsePush
 0000:62E7       _ParsePushOp
 0000:60D4       _ParseRange
 0000:5FA9       _ParseReg
 0000:5B0F       _ParseValue
 08B0:0194       _pbKeyHead
 08B0:0198       _pbKeyTail
 08B0:09E0       _pbpdTempDisable
 08B0:010A       _pFree
 08B0:00E6       _pGDT
 08B0:00DC       _pIDT
 08B0:0106       _pLinFree
 08B0:07DC       _pmbZero
 08B0:00F6       _pPgDir
 08B0:00FE       _pPgTbl
 08B0:00CA       _pPhysData
 08B0:0102       _pPhysFree
 08B0:00F2       _pPhysPgDir
 08B0:00FA       _pPhysPgTbl
 08B0:00EA       _pPhysTSS
 0000:7120       _printf
 08B0:00EE       _pTSS
 08B0:07EC       _pVRAM
 08B0:07F4       _pvsMonitor
 08B0:07F0       _pvsVM
 0000:05AD       _Reboot
 0000:7D15       _removehistory
 0000:124D       _RestoreVS
 08B0:07F8       _rowCursor
 08B0:0800       _rowCursorMax
 08B0:080C       _rowScreenMax
 08B0:0808       _rowScreenVis
 0000:107C       _SaveVS
 08B0:083C       _selCodeLast
 08B0:0844       _selDataLast
 08B0:00C8       _sel_Data
 08B0:00C4       _sel_Flat
 08B0:00C6       _sel_Text
 0000:0D75       _SetPages
 0000:7D80       _sprintf
 08B0:40C8       _stkOps
 08B0:4120       _stkVals
 0000:83EB       _strcmp
 08B0:0321       _szAssert
 08B0:4178       _szError
 08B0:0768       _szTitle
 0000:8211       _sztodw
 08B0:0000       _v86Init
 0000:7DA2       _vsprintf
 0000:09DD       _WaitKbdInput
 0000:09EB       _WaitKbdOutput
 0000:19C9       _x86AddrType
 0000:3AB6       _x86AllocBP
 0000:3E3F       _x86ApplyBPs
 0000:42C5       _x86BPCommand
 0000:4EB6       _x86Command
 0000:3322       _x86CopyOperand
 0000:57D9       _x86Debug
 0000:258A       _x86Decode
 0000:2AD8       _x86DecodeOperand
 0000:1AA2       _x86DescBase
 0000:2161       _x86DescDump
 0000:1AF1       _x86DescSize
 0000:3B8B       _x86DisableBP
 0000:409E       _x86DispTrapRange
 0000:4525       _x86DumpCommand
 0000:47A2       _x86EditCommand
 0000:3BE5       _x86EnableBP
 0000:3DA7       _x86FindBP
 0000:3C3F       _x86FreeBP
 0000:1BD4       _x86GetByte
 0000:1C96       _x86GetBytes
 0000:1C5C       _x86GetDWord
 0000:1C23       _x86GetWord
 0000:1FC4       _x86InsDump
 0000:1A5F       _x86IsGate
 0000:3C9F       _x86ListBPs
 0000:1824       _x86LoadFrame
 0000:2271       _x86MemDump
 0000:48F4       _x86PortCommand
 0000:3FD5       _x86PortTrap
 0000:4062       _x86PortTrapped
 0000:401F       _x86PortUntrap
 0000:1E48       _x86RegDump
 0000:1B53       _x86RegValue
 0000:3F24       _x86RemoveBPs
 0000:1926       _x86SaveFrame
 0000:1A04       _x86SelDesc
 0000:3E7A       _x86SetBP
 0000:1CE4       _x86SetByte
 0000:1D42       _x86SetWord
 0000:24D6       _x86StackDump
 0000:40D6       _x86StepSize
 0000:4168       _x86Trace
 0000:1720       _x86Trap
 0000:1D80       _x86TrapDump
 0000:4B2A       _x86VGACommand
 0000:0001  Abs  __acrtused
 0000:8A10       __DataEnd
 0000:77C1       __decvistop
 0000:0000  Abs  __edata
 0000:0000  Abs  __end
 0000:7820       __getch
 0000:77E8       __incvistop
 0000:78EF       __kbhit
 0000:76B4       __plogicalvram
 0000:73AE       __putch
 08B0:4D60       __ResDataEnd
 08B0:00C4       __ResDataStart
 0000:77A8       __resetvistop
 0000:88B8       __ResTextEnd
 0000:053A       __ResTextStart
 0000:73CB       __scroll
 0000:75BC       __setcursor
 0000:770E       __setvistop
 08B0:4D60       __StaticDataEnd
 0000:0350       __TextStart

  Address         Publics by Value

 0000:0000  Abs  __end
 0000:0000  Abs  _EDATA
 0000:0000  Abs  _end
 0000:0000  Abs  __edata
 0000:0001  Abs  __acrtused
 0000:0008  Abs  SEL_FLAT
 0000:0010  Abs  SEL_TEXT
 0000:0018  Abs  SEL_DATA
 0000:0020  Abs  SEL_CODE
 0000:0028  Abs  SEL_TSS
 0000:0030  Abs  GDT_SIZE
 0000:0100       Init16
 0000:0233       InitContinue
 0000:0332       v86Init
 0000:0334       WaitKbdInput16
 0000:033D       WaitKbdOutput16
 0000:0350       Init32
 0000:0350       __TextStart
 0000:053A       __ResTextStart
 0000:053A       Main32
 0000:05AD       _Reboot
 0000:06B0       DivError
 0000:06B6       Debug
 0000:06BC       NMI
 0000:06EE       BreakPoint
 0000:06F4       Overflow
 0000:06FA       Bounds
 0000:0700       InvOpCode
 0000:0706       NoCP
 0000:070C       DblFault
 0000:0710       TSSFault
 0000:0714       SegFault
 0000:0718       StackFault
 0000:071C       PageFault
 0000:0720       CPFault
 0000:0724       UnknownFault
 0000:072A       GeneralFault
 0000:074B       GPFault
 0000:0785       GPFaultReturn
 0000:0798       HWInterrupt
 0000:07E1       IRQ2Interrupt
 0000:07E7       IRQ3Interrupt
 0000:07ED       IRQ4Interrupt
 0000:07F3       IRQ5Interrupt
 0000:07F9       IRQ6Interrupt
 0000:07FF       IRQ7Interrupt
 0000:0800       IRQ8Interrupt
 0000:0806       IRQ9Interrupt
 0000:080C       IRQAInterrupt
 0000:0812       IRQBInterrupt
 0000:0818       IRQCInterrupt
 0000:0821       IRQDInterrupt
 0000:082A       IRQEInterrupt
 0000:0833       IRQFInterrupt
 0000:0834       TMRInterrupt
 0000:086D       KBDInterrupt
 0000:0922       CheckShift
 0000:095E       _DrainKbd
 0000:0973       _EnableKbd
 0000:097F       _DisableKbd
 0000:0990       _DrainMse
 0000:09A9       _EnableMse
 0000:09C3       _DisableMse
 0000:09DD       _WaitKbdInput
 0000:09EB       _WaitKbdOutput
 0000:09F9       Debugger
 0000:0AA0       EmulateINT
 0000:0AD2       EmulateINT3
 0000:0AF1       SimulateINT
 0000:0B48       EmulateInALnn
 0000:0B79       EmulateInAXnn
 0000:0BAC       EmulateOutnnAL
 0000:0BDA       EmulateOutnnAX
 0000:0C09       EmulateInALDX
 0000:0C34       EmulateInAXDX
 0000:0C61       EmulateOutDXAL
 0000:0C89       EmulateOutDXAX
 0000:0CB4       _Main
 0000:0D04       _InitMemMgr
 0000:0D75       _SetPages
 0000:0E03       _MemAlloc
 0000:0E3D       _MemFree
 0000:0E50       _InitVideoMgr
 0000:0F2A       _InitVS
 0000:107C       _SaveVS
 0000:124D       _RestoreVS
 0000:13C3       SetPlaneMode
 0000:143C       SavePlanes
 0000:14D4       RestorePlanes
 0000:156C       RestorePlaneMode
 0000:1621       GetVRAMAddress
 0000:1670       _COMInit
 0000:16E0       _COMInput
 0000:16FF       _COMOutput
 0000:1720       _x86Trap
 0000:1824       _x86LoadFrame
 0000:1926       _x86SaveFrame
 0000:19C9       _x86AddrType
 0000:1A04       _x86SelDesc
 0000:1A5F       _x86IsGate
 0000:1AA2       _x86DescBase
 0000:1AF1       _x86DescSize
 0000:1B53       _x86RegValue
 0000:1BD4       _x86GetByte
 0000:1C23       _x86GetWord
 0000:1C5C       _x86GetDWord
 0000:1C96       _x86GetBytes
 0000:1CE4       _x86SetByte
 0000:1D42       _x86SetWord
 0000:1D80       _x86TrapDump
 0000:1E48       _x86RegDump
 0000:1FC4       _x86InsDump
 0000:2161       _x86DescDump
 0000:2271       _x86MemDump
 0000:24D6       _x86StackDump
 0000:258A       _x86Decode
 0000:2AD8       _x86DecodeOperand
 0000:3322       _x86CopyOperand
 0000:3AB6       _x86AllocBP
 0000:3B8B       _x86DisableBP
 0000:3BE5       _x86EnableBP
 0000:3C3F       _x86FreeBP
 0000:3C9F       _x86ListBPs
 0000:3DA7       _x86FindBP
 0000:3E3F       _x86ApplyBPs
 0000:3E7A       _x86SetBP
 0000:3F24       _x86RemoveBPs
 0000:3FD5       _x86PortTrap
 0000:401F       _x86PortUntrap
 0000:4062       _x86PortTrapped
 0000:409E       _x86DispTrapRange
 0000:40D6       _x86StepSize
 0000:4168       _x86Trace
 0000:42C5       _x86BPCommand
 0000:4525       _x86DumpCommand
 0000:47A2       _x86EditCommand
 0000:48F4       _x86PortCommand
 0000:4B2A       _x86VGACommand
 0000:4EB6       _x86Command
 0000:57D9       _x86Debug
 0000:5A74       _ParseInit
 0000:5AB1       _ParseCommand
 0000:5B0F       _ParseValue
 0000:5FA9       _ParseReg
 0000:60D4       _ParseRange
 0000:6158       _ParseAddr
 0000:627C       _ParsePush
 0000:62B3       _ParsePop
 0000:62E7       _ParsePushOp
 0000:636B       _ParseEvalOps
 0000:6423       _fnopDeref
 0000:646F       _fnopNot
 0000:64BC       _fnopLogNot
 0000:650C       _fnopAdd
 0000:6575       _fnopSub
 0000:65DE       _fnopMul
 0000:6648       _fnopDiv
 0000:66CA       _fnopOpen
 0000:66DC       _fnopClose
 0000:66F3       _fnopShl
 0000:675E       _fnopShr
 0000:67C9       _fnopLT
 0000:683A       _fnopLE
 0000:68AB       _fnopGT
 0000:691C       _fnopGE
 0000:698D       _fnopEq
 0000:69FD       _fnopNeq
 0000:6A6C       _fnopAnd
 0000:6AD5       _fnopXor
 0000:6B3E       _fnopOr
 0000:6BA7       _fnopLogAnd
 0000:6C28       _fnopLogOr
 0000:6CA9       _fnCompress
 0000:6CC4       _DOSDumpCommand
 0000:6D3C       _DOSDumpArena
 0000:7120       _printf
 0000:73AE       __putch
 0000:73CB       __scroll
 0000:75BC       __setcursor
 0000:76B4       __plogicalvram
 0000:770E       __setvistop
 0000:77A8       __resetvistop
 0000:77C1       __decvistop
 0000:77E8       __incvistop
 0000:7820       __getch
 0000:78EF       __kbhit
 0000:791F       _ngets
 0000:7B20       _addhistory
 0000:7BB2       _getcurrhistory
 0000:7C24       _getnexthistory
 0000:7C9A       _getprevhistory
 0000:7D15       _removehistory
 0000:7D80       _sprintf
 0000:7DA2       _vsprintf
 0000:8076       _dwtosz
 0000:8211       _sztodw
 0000:82E0       _nstrlen
 0000:831C       _nstrskip
 0000:8361       _nstrskipto
 0000:83A6       _nstrskipbackto
 0000:83EB       _strcmp
 0000:847F       _mystrcmpi
 0000:8591       _nstrcpy
 0000:85E4       _nstrcpyn
 0000:865B       _nstrcat
 0000:8687       _nstrcatn
 0000:86B6       _nstrupr
 0000:871C       _nmemcpy
 0000:8743       _nmemset
 0000:875E       _mymemcmp
 0000:87C1       _nsanitize
 0000:881A       _istrtoken
 0000:88B8       __ResTextEnd
 0000:88C0       desNull
 0000:88C0       adesGDT
 0000:88C8       desFlat
 0000:88D0       desText
 0000:88D8       desData
 0000:88E0       desCode
 0000:88E8       desTSS
 0000:88F0       dtrGDTTmp
 0000:88F0       adesGDTend
 0000:88F6       bSwitches
 0000:8A10       __DataEnd
 08B0:0000       _v86Init
 08B0:0004       aoffIDTInit
 08B0:00C4       __ResDataStart
 08B0:00C4       _sel_Flat
 08B0:00C6       _sel_Text
 08B0:00C8       _sel_Data
 08B0:00CA       _pPhysData
 08B0:00CE       _cbPhysData
 08B0:00D2       _cbBSSData
 08B0:00D6       _dtrIDT
 08B0:00DC       _pIDT
 08B0:00E0       _dtrGDT
 08B0:00E6       _pGDT
 08B0:00EA       _pPhysTSS
 08B0:00EE       _pTSS
 08B0:00F2       _pPhysPgDir
 08B0:00F6       _pPgDir
 08B0:00FA       _pPhysPgTbl
 08B0:00FE       _pPgTbl
 08B0:0102       _pPhysFree
 08B0:0106       _pLinFree
 08B0:010A       _pFree
 08B0:0110       _flKeyEvent
 08B0:0114       _abKeyBuff
 08B0:0194       _pbKeyHead
 08B0:0198       _pbKeyTail
 08B0:019C       _flKeyShift
 08B0:01A0       _abXlatNorm
 08B0:0220       _abXlatCtrl
 08B0:02A0       _abXlatShift
 08B0:0320       _bNestedEntries
 08B0:0321       _szAssert
 08B0:034A       _aintSimulate
 08B0:035C       _afnEmulate
 08B0:075C       SavedIMRs
 08B0:0768       _szTitle
 08B0:07DC       _pmbZero
 08B0:07EC       _pVRAM
 08B0:07F0       _pvsVM
 08B0:07F4       _pvsMonitor
 08B0:07F8       _rowCursor
 08B0:07FC       _colCursor
 08B0:0800       _rowCursorMax
 08B0:0804       _colCursorMax
 08B0:0808       _rowScreenVis
 08B0:080C       _rowScreenMax
 08B0:0810       _bDefColor
 08B0:0814       _COMPort
 08B0:0824       _iIDTEntry
 08B0:0828       _iDebugEntry
 08B0:082C       _flTrace
 08B0:0830       _msDebugStart
 08B0:0834       _lInsCount
 08B0:0838       _iSizeLast
 08B0:083C       _selCodeLast
 08B0:0840       _offCodeLast
 08B0:0844       _selDataLast
 08B0:0848       _offDataLast
 08B0:084C       _cbpdGlobal
 08B0:0850       _abpdGlobal
 08B0:09E0       _pbpdTempDisable
 08B0:09F0       _apszOptions
 08B0:0A08       _apszIDTOptions
 08B0:0A10       _desV86
 08B0:0A18       _aoffSel
 08B0:0EE0       _apszMnemonic
 08B0:12C8       _ardRegs
 08B0:1424       _achScale
 08B0:1458       _apszRM
 08B0:1478       _aidBase
 08B0:2078       _aid0F
 08B0:2C78       _aaidGroup
 08B0:3278       _abTypeSize
 08B0:3340       _apszIDTDesc
 08B0:4030       _avParse
 08B0:4040       _aexop
 08B0:40C8       _stkOps
 08B0:4120       _stkVals
 08B0:4178       _szError
 08B0:43C0       _apszDOSDump
 08B0:43C4       _apfnDOSDump
 08B0:4700       _iHistFree
 08B0:4704       _iHistCurr
 08B0:4708       _achHist
 08B0:4D60       __StaticDataEnd
 08B0:4D60       __ResDataEnd

Program entry point at 0000:0100
