
 Start  Stop   Length Name                   Class
 00000H 0034FH 00350H _TEXT16                CODE
 00350H 088A5H 08556H _TEXT                  CODE
 088A8H 088A8H 00000H _ETEXT                 CODE
 088B0H 089FFH 00150H _DATA16                DATA
 08A00H 0D65FH 04C60H _DATA                  DATA
 0D660H 0D660H 00000H CONST                  CONST
 0D660H 0D660H 00000H _STATIC                STATIC
 0D660H 0D660H 00000H _BSS                   BSS
 0D660H 0D667H 00008H c_common               BSS
 0D668H 0D668H 00000H _EDATA                 ENDDATA
 0D668H 0D668H 00000H _TLS                   TLS

 Origin   Group
 08A0:0   DATA
 0000:0   GRP16

  Address         Publics by Name

 0000:88B0       adesGDT
 0000:88E0       adesGDTend
 08A0:0004       aoffIDTInit
 0000:06FA       Bounds
 0000:06EE       BreakPoint
 0000:88E6       bSwitches
 0000:0922       CheckShift
 0000:0720       CPFault
 0000:070C       DblFault
 0000:06B6       Debug
 0000:09F9       Debugger
 0000:88D0       desCode
 0000:88C8       desData
 0000:88B8       desFlat
 0000:88B0       desNull
 0000:88C0       desText
 0000:88D8       desTSS
 0000:06B0       DivError
 0000:88E0       dtrGDTTmp
 0000:0C09       EmulateInALDX
 0000:0B48       EmulateInALnn
 0000:0C34       EmulateInAXDX
 0000:0B79       EmulateInAXnn
 0000:0AA0       EmulateINT
 0000:0AD2       EmulateINT3
 0000:0C61       EmulateOutDXAL
 0000:0C89       EmulateOutDXAX
 0000:0BAC       EmulateOutnnAL
 0000:0BDA       EmulateOutnnAX
 0000:0030  Abs  GDT_SIZE
 0000:072A       GeneralFault
 0000:1615       GetVRAMAddress
 0000:074B       GPFault
 0000:0785       GPFaultReturn
 0000:0798       HWInterrupt
 0000:0100       Init16
 0000:0350       Init32
 0000:0233       InitContinue
 0000:0700       InvOpCode
 0000:07E1       IRQ2Interrupt
 0000:07E7       IRQ3Interrupt
 0000:07ED       IRQ4Interrupt
 0000:07F3       IRQ5Interrupt
 0000:07F9       IRQ6Interrupt
 0000:07FF       IRQ7Interrupt
 0000:0800       IRQ8Interrupt
 0000:0806       IRQ9Interrupt
 0000:080C       IRQAInterrupt
 0000:0812       IRQBInterrupt
 0000:0818       IRQCInterrupt
 0000:0821       IRQDInterrupt
 0000:082A       IRQEInterrupt
 0000:0833       IRQFInterrupt
 0000:086D       KBDInterrupt
 0000:053A       Main32
 0000:06BC       NMI
 0000:0706       NoCP
 0000:06F4       Overflow
 0000:071C       PageFault
 0000:1560       RestorePlaneMode
 0000:14C8       RestorePlanes
 08A0:075C       SavedIMRs
 0000:1430       SavePlanes
 0000:0714       SegFault
 0000:0020  Abs  SEL_CODE
 0000:0018  Abs  SEL_DATA
 0000:0008  Abs  SEL_FLAT
 0000:0010  Abs  SEL_TEXT
 0000:0028  Abs  SEL_TSS
 0000:13B7       SetPlaneMode
 0000:0AF1       SimulateINT
 0000:0718       StackFault
 0000:0834       TMRInterrupt
 0000:0710       TSSFault
 0000:0724       UnknownFault
 0000:0332       v86Init
 0000:0334       WaitKbdInput16
 0000:033D       WaitKbdOutput16
 08A0:2C3C       _aaidGroup
 08A0:0114       _abKeyBuff
 08A0:0814       _abpdGlobal
 08A0:323C       _abTypeSize
 08A0:0220       _abXlatCtrl
 08A0:01A0       _abXlatNorm
 08A0:02A0       _abXlatShift
 08A0:4608       _achHist
 08A0:13E8       _achScale
 0000:7B10       _addhistory
 08A0:4004       _aexop
 08A0:035C       _afnEmulate
 08A0:203C       _aid0F
 08A0:143C       _aidBase
 08A0:034A       _aintSimulate
 08A0:09DC       _aoffSel
 08A0:4388       _apfnDOSDump
 08A0:4384       _apszDOSDump
 08A0:3304       _apszIDTDesc
 08A0:09CC       _apszIDTOptions
 08A0:0EA4       _apszMnemonic
 08A0:09B4       _apszOptions
 08A0:141C       _apszRM
 08A0:128C       _ardRegs
 08A0:3FF4       _avParse
 08A0:07D4       _bDefColor
 08A0:0320       _bNestedEntries
 08A0:00D2       _cbBSSData
 08A0:0810       _cbpdGlobal
 08A0:00CE       _cbPhysData
 08A0:07C0       _colCursor
 08A0:07C8       _colCursorMax
 0000:1664       _COMInit
 0000:16D4       _COMInput
 0000:16F3       _COMOutput
 08A0:07D8       _COMPort
 08A0:09D4       _desV86
 0000:097F       _DisableKbd
 0000:09C3       _DisableMse
 0000:6D30       _DOSDumpArena
 0000:6CB8       _DOSDumpCommand
 0000:095E       _DrainKbd
 0000:0990       _DrainMse
 08A0:00E0       _dtrGDT
 08A0:00D6       _dtrIDT
 0000:8066       _dwtosz
 0000:0000  Abs  _EDATA
 0000:0973       _EnableKbd
 0000:09A9       _EnableMse
 0000:0000  Abs  _end
 08A0:0110       _flKeyEvent
 08A0:019C       _flKeyShift
 08A0:07F0       _flTrace
 0000:6C9D       _fnCompress
 0000:6500       _fnopAdd
 0000:6A60       _fnopAnd
 0000:66D0       _fnopClose
 0000:6417       _fnopDeref
 0000:663C       _fnopDiv
 0000:6981       _fnopEq
 0000:6910       _fnopGE
 0000:689F       _fnopGT
 0000:682E       _fnopLE
 0000:6B9B       _fnopLogAnd
 0000:64B0       _fnopLogNot
 0000:6C1C       _fnopLogOr
 0000:67BD       _fnopLT
 0000:65D2       _fnopMul
 0000:69F1       _fnopNeq
 0000:6463       _fnopNot
 0000:66BE       _fnopOpen
 0000:6B32       _fnopOr
 0000:66E7       _fnopShl
 0000:6752       _fnopShr
 0000:6569       _fnopSub
 0000:6AC9       _fnopXor
 0000:7BA2       _getcurrhistory
 0000:7C14       _getnexthistory
 0000:7C8A       _getprevhistory
 08A0:07EC       _iDebugEntry
 08A0:4604       _iHistCurr
 08A0:4600       _iHistFree
 08A0:07E8       _iIDTEntry
 0000:0D04       _InitMemMgr
 0000:0E44       _InitVideoMgr
 0000:0F1E       _InitVS
 08A0:07FC       _iSizeLast
 0000:880A       _istrtoken
 08A0:07F8       _lInsCount
 0000:0CB4       _Main
 0000:0E03       _MemAlloc
 0000:0E30       _MemFree
 08A0:07F4       _msDebugStart
 0000:874E       _mymemcmp
 0000:846F       _mystrcmpi
 0000:790F       _ngets
 0000:870C       _nmemcpy
 0000:8733       _nmemset
 0000:87B1       _nsanitize
 0000:864B       _nstrcat
 0000:8677       _nstrcatn
 0000:8581       _nstrcpy
 0000:85D4       _nstrcpyn
 0000:82D0       _nstrlen
 0000:830C       _nstrskip
 0000:8396       _nstrskipbackto
 0000:8351       _nstrskipto
 0000:86A6       _nstrupr
 08A0:0804       _offCodeLast
 08A0:080C       _offDataLast
 0000:614C       _ParseAddr
 0000:5AA5       _ParseCommand
 0000:635F       _ParseEvalOps
 0000:5A68       _ParseInit
 0000:62A7       _ParsePop
 0000:6270       _ParsePush
 0000:62DB       _ParsePushOp
 0000:60C8       _ParseRange
 0000:5F9D       _ParseReg
 0000:5B03       _ParseValue
 08A0:0194       _pbKeyHead
 08A0:0198       _pbKeyTail
 08A0:09A4       _pbpdTempDisable
 08A0:010A       _pFree
 08A0:00E6       _pGDT
 08A0:00DC       _pIDT
 08A0:0106       _pLinFree
 08A0:07A8       _pmbZero
 08A0:00F6       _pPgDir
 08A0:00FE       _pPgTbl
 08A0:00CA       _pPhysData
 08A0:0102       _pPhysFree
 08A0:00F2       _pPhysPgDir
 08A0:00FA       _pPhysPgTbl
 08A0:00EA       _pPhysTSS
 0000:7110       _printf
 08A0:00EE       _pTSS
 08A0:07B8       _pVRAM
 08A0:4C60       _pvsMonitor
 08A0:4C64       _pvsVM
 0000:05AD       _Reboot
 0000:7D05       _removehistory
 0000:1241       _RestoreVS
 08A0:07BC       _rowCursor
 08A0:07C4       _rowCursorMax
 08A0:07D0       _rowScreenMax
 08A0:07CC       _rowScreenVis
 0000:1070       _SaveVS
 08A0:0800       _selCodeLast
 08A0:0808       _selDataLast
 08A0:00C8       _sel_Data
 08A0:00C4       _sel_Flat
 08A0:00C6       _sel_Text
 0000:0D75       _SetPages
 0000:7D70       _sprintf
 08A0:408C       _stkOps
 08A0:40E4       _stkVals
 0000:83DB       _strcmp
 08A0:0321       _szAssert
 08A0:413C       _szError
 08A0:0768       _szTitle
 0000:8201       _sztodw
 08A0:0000       _v86Init
 0000:7D92       _vsprintf
 0000:09DD       _WaitKbdInput
 0000:09EB       _WaitKbdOutput
 0000:19BD       _x86AddrType
 0000:3AAA       _x86AllocBP
 0000:3E33       _x86ApplyBPs
 0000:42B9       _x86BPCommand
 0000:4EAA       _x86Command
 0000:3316       _x86CopyOperand
 0000:57CD       _x86Debug
 0000:257E       _x86Decode
 0000:2ACC       _x86DecodeOperand
 0000:1A96       _x86DescBase
 0000:2155       _x86DescDump
 0000:1AE5       _x86DescSize
 0000:3B7F       _x86DisableBP
 0000:4092       _x86DispTrapRange
 0000:4519       _x86DumpCommand
 0000:4796       _x86EditCommand
 0000:3BD9       _x86EnableBP
 0000:3D9B       _x86FindBP
 0000:3C33       _x86FreeBP
 0000:1BC8       _x86GetByte
 0000:1C8A       _x86GetBytes
 0000:1C50       _x86GetDWord
 0000:1C17       _x86GetWord
 0000:1FB8       _x86InsDump
 0000:1A53       _x86IsGate
 0000:3C93       _x86ListBPs
 0000:1818       _x86LoadFrame
 0000:2265       _x86MemDump
 0000:48E8       _x86PortCommand
 0000:3FC9       _x86PortTrap
 0000:4056       _x86PortTrapped
 0000:4013       _x86PortUntrap
 0000:1E3C       _x86RegDump
 0000:1B47       _x86RegValue
 0000:3F18       _x86RemoveBPs
 0000:191A       _x86SaveFrame
 0000:19F8       _x86SelDesc
 0000:3E6E       _x86SetBP
 0000:1CD8       _x86SetByte
 0000:1D36       _x86SetWord
 0000:24CA       _x86StackDump
 0000:40CA       _x86StepSize
 0000:415C       _x86Trace
 0000:1714       _x86Trap
 0000:1D74       _x86TrapDump
 0000:4B1E       _x86VGACommand
 0000:0001  Abs  __acrtused
 0000:8A00       __DataEnd
 0000:77B1       __decvistop
 0000:0000  Abs  __edata
 0000:0000  Abs  __end
 0000:7810       __getch
 0000:77D8       __incvistop
 0000:78DF       __kbhit
 0000:76A4       __plogicalvram
 0000:739E       __putch
 08A0:4C68       __ResDataEnd
 08A0:00C4       __ResDataStart
 0000:7798       __resetvistop
 0000:88A8       __ResTextEnd
 0000:053A       __ResTextStart
 0000:73BB       __scroll
 0000:75AC       __setcursor
 0000:76FE       __setvistop
 08A0:4C60       __StaticDataEnd
 0000:0350       __TextStart

  Address         Publics by Value

 0000:0000  Abs  _EDATA
 0000:0000  Abs  __edata
 0000:0000  Abs  _end
 0000:0000  Abs  __end
 0000:0001  Abs  __acrtused
 0000:0008  Abs  SEL_FLAT
 0000:0010  Abs  SEL_TEXT
 0000:0018  Abs  SEL_DATA
 0000:0020  Abs  SEL_CODE
 0000:0028  Abs  SEL_TSS
 0000:0030  Abs  GDT_SIZE
 0000:0100       Init16
 0000:0233       InitContinue
 0000:0332       v86Init
 0000:0334       WaitKbdInput16
 0000:033D       WaitKbdOutput16
 0000:0350       Init32
 0000:0350       __TextStart
 0000:053A       Main32
 0000:053A       __ResTextStart
 0000:05AD       _Reboot
 0000:06B0       DivError
 0000:06B6       Debug
 0000:06BC       NMI
 0000:06EE       BreakPoint
 0000:06F4       Overflow
 0000:06FA       Bounds
 0000:0700       InvOpCode
 0000:0706       NoCP
 0000:070C       DblFault
 0000:0710       TSSFault
 0000:0714       SegFault
 0000:0718       StackFault
 0000:071C       PageFault
 0000:0720       CPFault
 0000:0724       UnknownFault
 0000:072A       GeneralFault
 0000:074B       GPFault
 0000:0785       GPFaultReturn
 0000:0798       HWInterrupt
 0000:07E1       IRQ2Interrupt
 0000:07E7       IRQ3Interrupt
 0000:07ED       IRQ4Interrupt
 0000:07F3       IRQ5Interrupt
 0000:07F9       IRQ6Interrupt
 0000:07FF       IRQ7Interrupt
 0000:0800       IRQ8Interrupt
 0000:0806       IRQ9Interrupt
 0000:080C       IRQAInterrupt
 0000:0812       IRQBInterrupt
 0000:0818       IRQCInterrupt
 0000:0821       IRQDInterrupt
 0000:082A       IRQEInterrupt
 0000:0833       IRQFInterrupt
 0000:0834       TMRInterrupt
 0000:086D       KBDInterrupt
 0000:0922       CheckShift
 0000:095E       _DrainKbd
 0000:0973       _EnableKbd
 0000:097F       _DisableKbd
 0000:0990       _DrainMse
 0000:09A9       _EnableMse
 0000:09C3       _DisableMse
 0000:09DD       _WaitKbdInput
 0000:09EB       _WaitKbdOutput
 0000:09F9       Debugger
 0000:0AA0       EmulateINT
 0000:0AD2       EmulateINT3
 0000:0AF1       SimulateINT
 0000:0B48       EmulateInALnn
 0000:0B79       EmulateInAXnn
 0000:0BAC       EmulateOutnnAL
 0000:0BDA       EmulateOutnnAX
 0000:0C09       EmulateInALDX
 0000:0C34       EmulateInAXDX
 0000:0C61       EmulateOutDXAL
 0000:0C89       EmulateOutDXAX
 0000:0CB4       _Main
 0000:0D04       _InitMemMgr
 0000:0D75       _SetPages
 0000:0E03       _MemAlloc
 0000:0E30       _MemFree
 0000:0E44       _InitVideoMgr
 0000:0F1E       _InitVS
 0000:1070       _SaveVS
 0000:1241       _RestoreVS
 0000:13B7       SetPlaneMode
 0000:1430       SavePlanes
 0000:14C8       RestorePlanes
 0000:1560       RestorePlaneMode
 0000:1615       GetVRAMAddress
 0000:1664       _COMInit
 0000:16D4       _COMInput
 0000:16F3       _COMOutput
 0000:1714       _x86Trap
 0000:1818       _x86LoadFrame
 0000:191A       _x86SaveFrame
 0000:19BD       _x86AddrType
 0000:19F8       _x86SelDesc
 0000:1A53       _x86IsGate
 0000:1A96       _x86DescBase
 0000:1AE5       _x86DescSize
 0000:1B47       _x86RegValue
 0000:1BC8       _x86GetByte
 0000:1C17       _x86GetWord
 0000:1C50       _x86GetDWord
 0000:1C8A       _x86GetBytes
 0000:1CD8       _x86SetByte
 0000:1D36       _x86SetWord
 0000:1D74       _x86TrapDump
 0000:1E3C       _x86RegDump
 0000:1FB8       _x86InsDump
 0000:2155       _x86DescDump
 0000:2265       _x86MemDump
 0000:24CA       _x86StackDump
 0000:257E       _x86Decode
 0000:2ACC       _x86DecodeOperand
 0000:3316       _x86CopyOperand
 0000:3AAA       _x86AllocBP
 0000:3B7F       _x86DisableBP
 0000:3BD9       _x86EnableBP
 0000:3C33       _x86FreeBP
 0000:3C93       _x86ListBPs
 0000:3D9B       _x86FindBP
 0000:3E33       _x86ApplyBPs
 0000:3E6E       _x86SetBP
 0000:3F18       _x86RemoveBPs
 0000:3FC9       _x86PortTrap
 0000:4013       _x86PortUntrap
 0000:4056       _x86PortTrapped
 0000:4092       _x86DispTrapRange
 0000:40CA       _x86StepSize
 0000:415C       _x86Trace
 0000:42B9       _x86BPCommand
 0000:4519       _x86DumpCommand
 0000:4796       _x86EditCommand
 0000:48E8       _x86PortCommand
 0000:4B1E       _x86VGACommand
 0000:4EAA       _x86Command
 0000:57CD       _x86Debug
 0000:5A68       _ParseInit
 0000:5AA5       _ParseCommand
 0000:5B03       _ParseValue
 0000:5F9D       _ParseReg
 0000:60C8       _ParseRange
 0000:614C       _ParseAddr
 0000:6270       _ParsePush
 0000:62A7       _ParsePop
 0000:62DB       _ParsePushOp
 0000:635F       _ParseEvalOps
 0000:6417       _fnopDeref
 0000:6463       _fnopNot
 0000:64B0       _fnopLogNot
 0000:6500       _fnopAdd
 0000:6569       _fnopSub
 0000:65D2       _fnopMul
 0000:663C       _fnopDiv
 0000:66BE       _fnopOpen
 0000:66D0       _fnopClose
 0000:66E7       _fnopShl
 0000:6752       _fnopShr
 0000:67BD       _fnopLT
 0000:682E       _fnopLE
 0000:689F       _fnopGT
 0000:6910       _fnopGE
 0000:6981       _fnopEq
 0000:69F1       _fnopNeq
 0000:6A60       _fnopAnd
 0000:6AC9       _fnopXor
 0000:6B32       _fnopOr
 0000:6B9B       _fnopLogAnd
 0000:6C1C       _fnopLogOr
 0000:6C9D       _fnCompress
 0000:6CB8       _DOSDumpCommand
 0000:6D30       _DOSDumpArena
 0000:7110       _printf
 0000:739E       __putch
 0000:73BB       __scroll
 0000:75AC       __setcursor
 0000:76A4       __plogicalvram
 0000:76FE       __setvistop
 0000:7798       __resetvistop
 0000:77B1       __decvistop
 0000:77D8       __incvistop
 0000:7810       __getch
 0000:78DF       __kbhit
 0000:790F       _ngets
 0000:7B10       _addhistory
 0000:7BA2       _getcurrhistory
 0000:7C14       _getnexthistory
 0000:7C8A       _getprevhistory
 0000:7D05       _removehistory
 0000:7D70       _sprintf
 0000:7D92       _vsprintf
 0000:8066       _dwtosz
 0000:8201       _sztodw
 0000:82D0       _nstrlen
 0000:830C       _nstrskip
 0000:8351       _nstrskipto
 0000:8396       _nstrskipbackto
 0000:83DB       _strcmp
 0000:846F       _mystrcmpi
 0000:8581       _nstrcpy
 0000:85D4       _nstrcpyn
 0000:864B       _nstrcat
 0000:8677       _nstrcatn
 0000:86A6       _nstrupr
 0000:870C       _nmemcpy
 0000:8733       _nmemset
 0000:874E       _mymemcmp
 0000:87B1       _nsanitize
 0000:880A       _istrtoken
 0000:88A8       __ResTextEnd
 0000:88B0       desNull
 0000:88B0       adesGDT
 0000:88B8       desFlat
 0000:88C0       desText
 0000:88C8       desData
 0000:88D0       desCode
 0000:88D8       desTSS
 0000:88E0       dtrGDTTmp
 0000:88E0       adesGDTend
 0000:88E6       bSwitches
 08A0:0000       _v86Init
 0000:8A00       __DataEnd
 08A0:0004       aoffIDTInit
 08A0:00C4       __ResDataStart
 08A0:00C4       _sel_Flat
 08A0:00C6       _sel_Text
 08A0:00C8       _sel_Data
 08A0:00CA       _pPhysData
 08A0:00CE       _cbPhysData
 08A0:00D2       _cbBSSData
 08A0:00D6       _dtrIDT
 08A0:00DC       _pIDT
 08A0:00E0       _dtrGDT
 08A0:00E6       _pGDT
 08A0:00EA       _pPhysTSS
 08A0:00EE       _pTSS
 08A0:00F2       _pPhysPgDir
 08A0:00F6       _pPgDir
 08A0:00FA       _pPhysPgTbl
 08A0:00FE       _pPgTbl
 08A0:0102       _pPhysFree
 08A0:0106       _pLinFree
 08A0:010A       _pFree
 08A0:0110       _flKeyEvent
 08A0:0114       _abKeyBuff
 08A0:0194       _pbKeyHead
 08A0:0198       _pbKeyTail
 08A0:019C       _flKeyShift
 08A0:01A0       _abXlatNorm
 08A0:0220       _abXlatCtrl
 08A0:02A0       _abXlatShift
 08A0:0320       _bNestedEntries
 08A0:0321       _szAssert
 08A0:034A       _aintSimulate
 08A0:035C       _afnEmulate
 08A0:075C       SavedIMRs
 08A0:0768       _szTitle
 08A0:07A8       _pmbZero
 08A0:07B8       _pVRAM
 08A0:07BC       _rowCursor
 08A0:07C0       _colCursor
 08A0:07C4       _rowCursorMax
 08A0:07C8       _colCursorMax
 08A0:07CC       _rowScreenVis
 08A0:07D0       _rowScreenMax
 08A0:07D4       _bDefColor
 08A0:07D8       _COMPort
 08A0:07E8       _iIDTEntry
 08A0:07EC       _iDebugEntry
 08A0:07F0       _flTrace
 08A0:07F4       _msDebugStart
 08A0:07F8       _lInsCount
 08A0:07FC       _iSizeLast
 08A0:0800       _selCodeLast
 08A0:0804       _offCodeLast
 08A0:0808       _selDataLast
 08A0:080C       _offDataLast
 08A0:0810       _cbpdGlobal
 08A0:0814       _abpdGlobal
 08A0:09A4       _pbpdTempDisable
 08A0:09B4       _apszOptions
 08A0:09CC       _apszIDTOptions
 08A0:09D4       _desV86
 08A0:09DC       _aoffSel
 08A0:0EA4       _apszMnemonic
 08A0:128C       _ardRegs
 08A0:13E8       _achScale
 08A0:141C       _apszRM
 08A0:143C       _aidBase
 08A0:203C       _aid0F
 08A0:2C3C       _aaidGroup
 08A0:323C       _abTypeSize
 08A0:3304       _apszIDTDesc
 08A0:3FF4       _avParse
 08A0:4004       _aexop
 08A0:408C       _stkOps
 08A0:40E4       _stkVals
 08A0:413C       _szError
 08A0:4384       _apszDOSDump
 08A0:4388       _apfnDOSDump
 08A0:4600       _iHistFree
 08A0:4604       _iHistCurr
 08A0:4608       _achHist
 08A0:4C60       __StaticDataEnd
 08A0:4C60       _pvsMonitor
 08A0:4C64       _pvsVM
 08A0:4C68       __ResDataEnd

Program entry point at 0000:0100
